
> @duelly/backend@0.1.0 test:integration
> node --import reflect-metadata --import tsx --test test/integration/*.test.ts

TAP version 13
# {"level":30,"time":1779322882024,"pid":53768,"hostname":"Arthur-PC","reqId":"req-1","req":{"method":"POST","url":"/auth/register","host":"localhost:80","remoteAddress":"127.0.0.1"},"msg":"incoming request"}
# {"level":30,"time":1779322882111,"pid":53768,"hostname":"Arthur-PC","reqId":"req-1","res":{"statusCode":200},"responseTime":86.03397700190544,"msg":"request completed"}
# {"level":30,"time":1779322882112,"pid":53768,"hostname":"Arthur-PC","reqId":"req-2","req":{"method":"POST","url":"/auth/login","host":"localhost:80","remoteAddress":"127.0.0.1"},"msg":"incoming request"}
# {"level":30,"time":1779322882163,"pid":53768,"hostname":"Arthur-PC","reqId":"req-2","res":{"statusCode":200},"responseTime":50.95226100087166,"msg":"request completed"}
# {"level":30,"time":1779322882163,"pid":53768,"hostname":"Arthur-PC","reqId":"req-3","req":{"method":"GET","url":"/auth/me","host":"localhost:80","remoteAddress":"127.0.0.1"},"msg":"incoming request"}
# {"level":30,"time":1779322882168,"pid":53768,"hostname":"Arthur-PC","reqId":"req-3","res":{"statusCode":200},"responseTime":5.517951995134354,"msg":"request completed"}
# Subtest: Auth routes persist users and sessions in PostgreSQL
ok 1 - Auth routes persist users and sessions in PostgreSQL
  ---
  duration_ms: 377.495038
  type: 'test'
  ...
# Subtest: TypeORM repositories persist M1 template records in PostgreSQL
ok 2 - TypeORM repositories persist M1 template records in PostgreSQL
  ---
  duration_ms: 74.509993
  type: 'test'
  ...
# Subtest: TypeORM repositories persist Wallet, invite, relayer, indexer, and resolution records in PostgreSQL
ok 3 - TypeORM repositories persist Wallet, invite, relayer, indexer, and resolution records in PostgreSQL
  ---
  duration_ms: 97.604025
  type: 'test'
  ...
1..3
# tests 3
# suites 0
# pass 3
# fail 0
# cancelled 0
# skipped 0
# todo 0
# duration_ms 1700.594082
