
> @duelly/backend@0.1.0 test:integration
> node --import reflect-metadata --import tsx --test test/integration/*.test.ts

TAP version 13
# {"level":30,"time":1779309921378,"pid":40473,"hostname":"Arthur-PC","reqId":"req-1","req":{"method":"POST","url":"/auth/register","host":"localhost:80","remoteAddress":"127.0.0.1"},"msg":"incoming request"}
# {"level":30,"time":1779309921461,"pid":40473,"hostname":"Arthur-PC","reqId":"req-1","res":{"statusCode":200},"responseTime":82.34244498610497,"msg":"request completed"}
# {"level":30,"time":1779309921462,"pid":40473,"hostname":"Arthur-PC","reqId":"req-2","req":{"method":"POST","url":"/auth/login","host":"localhost:80","remoteAddress":"127.0.0.1"},"msg":"incoming request"}
# {"level":30,"time":1779309921515,"pid":40473,"hostname":"Arthur-PC","reqId":"req-2","res":{"statusCode":200},"responseTime":53.10145401954651,"msg":"request completed"}
# {"level":30,"time":1779309921516,"pid":40473,"hostname":"Arthur-PC","reqId":"req-3","req":{"method":"GET","url":"/auth/me","host":"localhost:80","remoteAddress":"127.0.0.1"},"msg":"incoming request"}
# {"level":30,"time":1779309921521,"pid":40473,"hostname":"Arthur-PC","reqId":"req-3","res":{"statusCode":200},"responseTime":5.498708993196487,"msg":"request completed"}
# Subtest: Auth routes persist users and sessions in PostgreSQL
ok 1 - Auth routes persist users and sessions in PostgreSQL
  ---
  duration_ms: 344.113712
  type: 'test'
  ...
# Subtest: TypeORM repositories persist M1 template records in PostgreSQL
ok 2 - TypeORM repositories persist M1 template records in PostgreSQL
  ---
  duration_ms: 74.948591
  type: 'test'
  ...
# Subtest: TypeORM repositories persist Wallet, invite, relayer, indexer, and resolution records in PostgreSQL
ok 3 - TypeORM repositories persist Wallet, invite, relayer, indexer, and resolution records in PostgreSQL
  ---
  duration_ms: 95.61887
  type: 'test'
  ...
1..3
# tests 3
# suites 0
# pass 3
# fail 0
# cancelled 0
# skipped 0
# todo 0
# duration_ms 1591.357366
