
> @duelly/backend@0.1.0 test:integration
> node --import reflect-metadata --import tsx --test test/integration/*.test.ts

TAP version 13
# Subtest: Auth routes persist users and sessions in PostgreSQL
ok 1 - Auth routes persist users and sessions in PostgreSQL
  ---
  duration_ms: 325.844873
  type: 'test'
  ...
# Subtest: TypeORM repositories persist M1 template records in PostgreSQL
ok 2 - TypeORM repositories persist M1 template records in PostgreSQL
  ---
  duration_ms: 70.977725
  type: 'test'
  ...
# Subtest: TypeORM repositories persist Wallet, invite, relayer, indexer, and resolution records in PostgreSQL
ok 3 - TypeORM repositories persist Wallet, invite, relayer, indexer, and resolution records in PostgreSQL
  ---
  duration_ms: 85.435791
  type: 'test'
  ...
1..3
# tests 3
# suites 0
# pass 3
# fail 0
# cancelled 0
# skipped 0
# todo 0
# duration_ms 1520.464932
