No files changed, compilation skipped

Ran 1 test for test/PolygonForkCompatibility.t.sol:PolygonForkCompatibilityTest
[PASS] test_PolygonForkLiveReadCompatibility() (gas: 164)
Suite result: ok. 1 passed; 0 failed; 0 skipped; finished in 395.01µs (90.44µs CPU time)

Ran 7 tests for test/Config.t.sol:ConfigTest
[PASS] test_ConfigConstructorRejectsZeroAddresses() (gas: 1311771)
[PASS] test_ConfigInitialDefaults() (gas: 56456)
[PASS] test_ConfigInvalidLimitsFail() (gas: 82464)
[PASS] test_ConfigOnlyOwnerCanSetRoles() (gas: 98884)
[PASS] test_ConfigOwnershipTransferRemovesOldOwnerOperationalAccess() (gas: 189406)
[PASS] test_ConfigRoleProtectedSettersRejectUnauthorized() (gas: 63957)
[PASS] test_ConfigSettersAreRoleControlledAndEmit() (gas: 202043)
Suite result: ok. 7 passed; 0 failed; 0 skipped; finished in 2.93ms (1.38ms CPU time)

Ran 4 tests for test/Fee.t.sol:FeeTest
[PASS] test_FeeMaxLoserFeeBpsIsEnforcedAtRegistration() (gas: 99428)
[PASS] test_FeeRejectsIncorrectSignedLoserFee() (gas: 409419)
[PASS] test_FeeUsesGasAnchoredMinimumWhenAbovePercentage() (gas: 55209)
[PASS] test_FeeUsesPercentageWhenAboveMinimum() (gas: 55225)
Suite result: ok. 4 passed; 0 failed; 0 skipped; finished in 6.12ms (4.91ms CPU time)

Ran 1 test for test/Mocks.t.sol:MocksTest
[PASS] test_MocksSmoke() (gas: 346428)
Suite result: ok. 1 passed; 0 failed; 0 skipped; finished in 1.09ms (336.83µs CPU time)

Ran 7 tests for test/EIP712.t.sol:EIP712Test
[PASS] test_EIP712CancelledNonceFails() (gas: 432386)
[PASS] test_EIP712ExpiredOfferFails() (gas: 378381)
[PASS] test_EIP712ReusedOfferHashAndNonceFail() (gas: 939804)
[PASS] test_EIP712TamperedStakeInvalidatesSignature() (gas: 398412)
[PASS] test_EIP712UnauthorizedTakerAndSameOutcomeFail() (gas: 551389)
[PASS] test_EIP712ValidSignaturesFundBet() (gas: 780966)
[PASS] test_EIP712WrongMakerSignerFails() (gas: 390688)
Suite result: ok. 7 passed; 0 failed; 0 skipped; finished in 10.70ms (9.47ms CPU time)

Ran 4 tests for test/Settlement.t.sol:SettlementTest
[PASS] test_SettlementDoubleSettlementFails() (gas: 1017251)
[PASS] test_SettlementPlayerAWinsPaysWinnerAndTreasury() (gas: 1085003)
[PASS] test_SettlementPlayerBWinsPaysWinnerAndTreasury() (gas: 1047143)
[PASS] test_SettlementVoidRefundsBothPlayersAndTreasuryZero() (gas: 1079023)
Suite result: ok. 4 passed; 0 failed; 0 skipped; finished in 8.66ms (7.48ms CPU time)

Ran 6 tests for test/Resolution.t.sol:ResolutionTest
[PASS] test_ResolutionDenominatorZeroRevertsUnresolved() (gas: 787209)
[PASS] test_ResolutionEqualPartialAndBothNonZeroVoid() (gas: 1651604)
[PASS] test_ResolutionInvalidSlotCountVoids() (gas: 1006447)
[PASS] test_ResolutionStrictOutcomeOneWins() (gas: 1039361)
[PASS] test_ResolutionStrictOutcomeZeroWins() (gas: 1039335)
[PASS] test_ResolutionVoidsWhenSlotCountCallUnavailable() (gas: 934619)
Suite result: ok. 6 passed; 0 failed; 0 skipped; finished in 21.37ms (18.26ms CPU time)

Ran 7 tests for test/Funding.t.sol:FundingTest
[PASS] test_FundingExpiredPermitFailsWithoutBet() (gas: 498201)
[PASS] test_FundingInsufficientBalanceRevertsAtomically() (gas: 727613)
[PASS] test_FundingInvalidPermitFailsEvenWithStaleAllowance() (gas: 557865)
[PASS] test_FundingPermitFrontRunFallsBackToExistingAllowance() (gas: 826163)
[PASS] test_FundingPermitValueTooLowFails() (gas: 486871)
[PASS] test_FundingValidPermitsPullExactEscrowAndEmitBet() (gas: 827330)
[PASS] test_FundingWrongSpenderPermitFails() (gas: 494830)
Suite result: ok. 7 passed; 0 failed; 0 skipped; finished in 19.82ms (19.52ms CPU time)

Ran 6 tests for test/Security.t.sol:SecurityTest
[PASS] test_SecurityExpiryFailsWhenCtfResolutionIsAvailable() (gas: 1067514)
[PASS] test_SecurityExpiryRefundsAfterDeadlineOnly() (gas: 890572)
[PASS] test_SecurityMinMaxStakeEnforced() (gas: 447973)
[PASS] test_SecurityPauseBlocksNewFundingButAllowsResolution() (gas: 1188264)
[PASS] test_SecurityReentrantTokenCannotEnterEscrow() (gas: 5302121)
[PASS] test_SecurityRefundWorksWhilePaused() (gas: 883326)
Suite result: ok. 6 passed; 0 failed; 0 skipped; finished in 16.61ms (21.28ms CPU time)

Ran 5 tests for test/Template.t.sol:TemplateTest
[PASS] test_TemplateHashMatchesM1BackendVector() (gas: 12505)
[PASS] test_TemplateRegistersAndReturnsActiveTemplate() (gas: 242792)
[PASS] test_TemplateRejectsDuplicateInactiveAndMismatchedConditionFunding() (gas: 487015)
[PASS] test_TemplateRejectsHashMismatch() (gas: 54585)
[PASS] test_TemplateRejectsUnregisteredClosedAndInvalidOutcomeIndexes() (gas: 667282)
Suite result: ok. 5 passed; 0 failed; 0 skipped; finished in 4.11ms (4.58ms CPU time)

╭----------------------------------------------------+-----------------+--------+--------+--------+---------╮
| contracts/BetEscrowBRL1.sol:BetEscrowBRL1 Contract |                 |        |        |        |         |
+===========================================================================================================+
| Deployment Cost                                    | Deployment Size |        |        |        |         |
|----------------------------------------------------+-----------------+--------+--------+--------+---------|
|                                            3327369 |           14964 |        |        |        |         |
|----------------------------------------------------+-----------------+--------+--------+--------+---------|
|                                                    |                 |        |        |        |         |
|----------------------------------------------------+-----------------+--------+--------+--------+---------|
| Function Name                                      | Min             | Avg    | Median | Max    | # Calls |
|----------------------------------------------------+-----------------+--------+--------+--------+---------|
| PAUSER_ROLE                                        |             927 |    927 |    927 |    927 |       3 |
|----------------------------------------------------+-----------------+--------+--------+--------+---------|
| TEMPLATE_PUBLISHER_ROLE                            |             377 |    377 |    377 |    377 |       1 |
|----------------------------------------------------+-----------------+--------+--------+--------+---------|
| acceptBetWithPermits                               |           39696 | 285814 | 430383 | 470216 |      38 |
|----------------------------------------------------+-----------------+--------+--------+--------+---------|
| brl1                                               |             618 |    618 |    618 |    618 |       1 |
|----------------------------------------------------+-----------------+--------+--------+--------+---------|
| calculateLoserFee                                  |            2501 |   2501 |   2501 |   2505 |      39 |
|----------------------------------------------------+-----------------+--------+--------+--------+---------|
| calculateTemplateHash                              |            5687 |   5687 |   5687 |   5687 |      77 |
|----------------------------------------------------+-----------------+--------+--------+--------+---------|
| cancelNonce                                        |           46102 |  46102 |  46102 |  46102 |       1 |
|----------------------------------------------------+-----------------+--------+--------+--------+---------|
| deactivateTemplate                                 |           30509 |  30509 |  30509 |  30509 |       1 |
|----------------------------------------------------+-----------------+--------+--------+--------+---------|
| expireUnresolvedBet                                |           28879 |  49994 |  51868 |  67361 |       4 |
|----------------------------------------------------+-----------------+--------+--------+--------+---------|
| getBet                                             |           18406 |  18406 |  18406 |  18406 |      22 |
|----------------------------------------------------+-----------------+--------+--------+--------+---------|
| getTemplate                                        |           16770 |  16770 |  16770 |  16770 |       1 |
|----------------------------------------------------+-----------------+--------+--------+--------+---------|
| hasRole                                            |            2900 |   4426 |   5189 |   5189 |       3 |
|----------------------------------------------------+-----------------+--------+--------+--------+---------|
| hashAcceptance                                     |            1656 |   1656 |   1656 |   1656 |      37 |
|----------------------------------------------------+-----------------+--------+--------+--------+---------|
| hashOffer                                          |            2279 |   2279 |   2279 |   2279 |      75 |
|----------------------------------------------------+-----------------+--------+--------+--------+---------|
| maxLoserFeeBps                                     |            2970 |   2970 |   2970 |   2970 |       2 |
|----------------------------------------------------+-----------------+--------+--------+--------+---------|
| maxStake                                           |            3052 |   3052 |   3052 |   3052 |       2 |
|----------------------------------------------------+-----------------+--------+--------+--------+---------|
| minLoserFee                                        |            2810 |   2810 |   2810 |   2810 |       2 |
|----------------------------------------------------+-----------------+--------+--------+--------+---------|
| minStake                                           |            2370 |   2370 |   2370 |   2370 |       2 |
|----------------------------------------------------+-----------------+--------+--------+--------+---------|
| nextBetId                                          |            2832 |   2832 |   2832 |   2832 |       5 |
|----------------------------------------------------+-----------------+--------+--------+--------+---------|
| owner                                              |            2767 |   2767 |   2767 |   2767 |       1 |
|----------------------------------------------------+-----------------+--------+--------+--------+---------|
| pause                                              |           26005 |  28369 |  29946 |  29946 |       5 |
|----------------------------------------------------+-----------------+--------+--------+--------+---------|
| paused                                             |            2520 |   2520 |   2520 |   2520 |       2 |
|----------------------------------------------------+-----------------+--------+--------+--------+---------|
| polymarketCtf                                      |             508 |    508 |    508 |    508 |       1 |
|----------------------------------------------------+-----------------+--------+--------+--------+---------|
| registerTemplate                                   |           32869 | 181041 | 198138 | 198138 |      38 |
|----------------------------------------------------+-----------------+--------+--------+--------+---------|
| resolveFromPolymarket                              |           28890 |  84079 |  92912 | 102973 |      14 |
|----------------------------------------------------+-----------------+--------+--------+--------+---------|
| setMaxLoserFeeBps                                  |           23982 |  27993 |  29993 |  30005 |       3 |
|----------------------------------------------------+-----------------+--------+--------+--------+---------|
| setMinLoserFee                                     |           25800 |  41529 |  46772 |  46772 |       4 |
|----------------------------------------------------+-----------------+--------+--------+--------+---------|
| setRole                                            |           24804 |  40873 |  48902 |  48914 |       3 |
|----------------------------------------------------+-----------------+--------+--------+--------+---------|
| setStakeLimits                                     |           24217 |  29948 |  29924 |  35729 |       4 |
|----------------------------------------------------+-----------------+--------+--------+--------+---------|
| setTreasury                                        |           30992 |  30992 |  30992 |  30992 |       1 |
|----------------------------------------------------+-----------------+--------+--------+--------+---------|
| transferOwnership                                  |           38087 |  38087 |  38087 |  38087 |       1 |
|----------------------------------------------------+-----------------+--------+--------+--------+---------|
| treasury                                           |            2548 |   2548 |   2548 |   2548 |       2 |
╰----------------------------------------------------+-----------------+--------+--------+--------+---------╯

╭------------------------------------------------+-----------------+-------+--------+-------+---------╮
| contracts/mocks/MockBRL1.sol:MockBRL1 Contract |                 |       |        |       |         |
+=====================================================================================================+
| Deployment Cost                                | Deployment Size |       |        |       |         |
|------------------------------------------------+-----------------+-------+--------+-------+---------|
|                                         563698 |            2387 |       |        |       |         |
|------------------------------------------------+-----------------+-------+--------+-------+---------|
|                                                |                 |       |        |       |         |
|------------------------------------------------+-----------------+-------+--------+-------+---------|
| Function Name                                  | Min             | Avg   | Median | Max   | # Calls |
|------------------------------------------------+-----------------+-------+--------+-------+---------|
| DOMAIN_SEPARATOR                               |             669 |   669 |    669 |   669 |     117 |
|------------------------------------------------+-----------------+-------+--------+-------+---------|
| PERMIT_TYPEHASH                                |             253 |   253 |    253 |   253 |      75 |
|------------------------------------------------+-----------------+-------+--------+-------+---------|
| allowance                                      |             849 |   946 |    849 |  2849 |      41 |
|------------------------------------------------+-----------------+-------+--------+-------+---------|
| approve                                        |           45944 | 45944 |  45944 | 45944 |       1 |
|------------------------------------------------+-----------------+-------+--------+-------+---------|
| balanceOf                                      |             597 |  1524 |    597 |  2597 |     110 |
|------------------------------------------------+-----------------+-------+--------+-------+---------|
| mint                                           |           34055 | 56547 |  51167 | 68267 |     143 |
|------------------------------------------------+-----------------+-------+--------+-------+---------|
| nonces                                         |            2619 |  2619 |   2619 |  2619 |     191 |
|------------------------------------------------+-----------------+-------+--------+-------+---------|
| permit                                         |           74564 | 74564 |  74564 | 74564 |       2 |
|------------------------------------------------+-----------------+-------+--------+-------+---------|
| transfer                                       |           29536 | 31924 |  31924 | 34312 |       2 |
╰------------------------------------------------+-----------------+-------+--------+-------+---------╯

╭------------------------------------------------------------------+-----------------+--------+--------+--------+---------╮
| contracts/mocks/MockPolymarketCTF.sol:MockPolymarketCTF Contract |                 |        |        |        |         |
+=========================================================================================================================+
| Deployment Cost                                                  | Deployment Size |        |        |        |         |
|------------------------------------------------------------------+-----------------+--------+--------+--------+---------|
|                                                           272161 |            1039 |        |        |        |         |
|------------------------------------------------------------------+-----------------+--------+--------+--------+---------|
|                                                                  |                 |        |        |        |         |
|------------------------------------------------------------------+-----------------+--------+--------+--------+---------|
| Function Name                                                    | Min             | Avg    | Median | Max    | # Calls |
|------------------------------------------------------------------+-----------------+--------+--------+--------+---------|
| getOutcomeSlotCount                                              |            2496 |   4380 |   4538 |   4538 |      13 |
|------------------------------------------------------------------+-----------------+--------+--------+--------+---------|
| payoutDenominator                                                |            2411 |   2411 |   2411 |   2411 |      17 |
|------------------------------------------------------------------+-----------------+--------+--------+--------+---------|
| payoutNumerators                                                 |            2575 |   3665 |   4575 |   4575 |      22 |
|------------------------------------------------------------------+-----------------+--------+--------+--------+---------|
| setOutcomeSlotCount                                              |           26423 |  26423 |  26423 |  26423 |       1 |
|------------------------------------------------------------------+-----------------+--------+--------+--------+---------|
| setPayout                                                        |           42253 | 131841 | 136141 | 156053 |      12 |
|------------------------------------------------------------------+-----------------+--------+--------+--------+---------|
| setPayoutWithoutSlotCount                                        |           96261 |  96261 |  96261 |  96261 |       1 |
╰------------------------------------------------------------------+-----------------+--------+--------+--------+---------╯

╭------------------------------------------------------------------+-----------------+-------+--------+-------+---------╮
| contracts/mocks/MockReentrantBRL1.sol:MockReentrantBRL1 Contract |                 |       |        |       |         |
+=======================================================================================================================+
| Deployment Cost                                                  | Deployment Size |       |        |       |         |
|------------------------------------------------------------------+-----------------+-------+--------+-------+---------|
|                                                           663241 |            2847 |       |        |       |         |
|------------------------------------------------------------------+-----------------+-------+--------+-------+---------|
|                                                                  |                 |       |        |       |         |
|------------------------------------------------------------------+-----------------+-------+--------+-------+---------|
| Function Name                                                    | Min             | Avg   | Median | Max   | # Calls |
|------------------------------------------------------------------+-----------------+-------+--------+-------+---------|
| DOMAIN_SEPARATOR                                                 |             695 |   695 |    695 |   695 |       4 |
|------------------------------------------------------------------+-----------------+-------+--------+-------+---------|
| PERMIT_TYPEHASH                                                  |             257 |   257 |    257 |   257 |       2 |
|------------------------------------------------------------------+-----------------+-------+--------+-------+---------|
| allowance                                                        |             931 |   931 |    931 |   931 |       2 |
|------------------------------------------------------------------+-----------------+-------+--------+-------+---------|
| balanceOf                                                        |             624 |  1124 |    624 |  2624 |       4 |
|------------------------------------------------------------------+-----------------+-------+--------+-------+---------|
| mint                                                             |           51197 | 59747 |  59747 | 68297 |       2 |
|------------------------------------------------------------------+-----------------+-------+--------+-------+---------|
| nonces                                                           |            2646 |  2646 |   2646 |  2646 |       6 |
|------------------------------------------------------------------+-----------------+-------+--------+-------+---------|
| reentryBlocked                                                   |            2425 |  2425 |   2425 |  2425 |       1 |
|------------------------------------------------------------------+-----------------+-------+--------+-------+---------|
| setReentry                                                       |           44285 | 44285 |  44285 | 44285 |       1 |
╰------------------------------------------------------------------+-----------------+-------+--------+-------+---------╯


Ran 10 test suites in 32.41ms (91.80ms CPU time): 48 tests passed, 0 failed, 0 skipped (48 total tests)
